../backend/src/router.ts(4,1): error TS6133: 'authenticateUser' is declared but its value is never read.
../backend/src/router.ts(127,43): error TS6133: 'name' is declared but its value is never read.
../backend/src/router.ts(127,49): error TS6133: 'given_name' is declared but its value is never read.
src/orpc.ts(2,10): error TS2724: '"@orpc/react-query"' has no exported member named 'createORPCReactQuery'. Did you mean 'createORPCReactQueryUtils'?
src/orpc.ts(7,44): error TS2344: Type '{ auth: { register: Procedure<MergedInitialContext<ORPCContext & Record<never, never>, ORPCContext & Record<never, never> & Omit<ORPCContext & Record<...>, keyof ORPCContext>, ORPCContext>, ... 4 more ..., Record<...>>; login: Procedure<...>; logout: Procedure<...>; me: Procedure<...>; google: Procedure<...>; }; tod...' does not satisfy the constraint 'NestedClient<any>'.
  Type '{ auth: { register: Procedure<MergedInitialContext<ORPCContext & Record<never, never>, ORPCContext & Record<never, never> & Omit<ORPCContext & Record<...>, keyof ORPCContext>, ORPCContext>, ... 4 more ..., Record<...>>; login: Procedure<...>; logout: Procedure<...>; me: Procedure<...>; google: Procedure<...>; }; tod...' is not assignable to type '{ [k: string]: NestedClient<any>; }'.
    Property 'auth' is incompatible with index signature.
      Type '{ register: Procedure<MergedInitialContext<ORPCContext & Record<never, never>, ORPCContext & Record<never, never> & Omit<ORPCContext & Record<never, never>, keyof ORPCContext>, ORPCContext>, ... 4 more ..., Record<...>>; login: Procedure<...>; logout: Procedure<...>; me: Procedure<...>; google: Procedure<...>; }' is not assignable to type 'NestedClient<any>'.
        Type '{ register: Procedure<MergedInitialContext<ORPCContext & Record<never, never>, ORPCContext & Record<never, never> & Omit<ORPCContext & Record<never, never>, keyof ORPCContext>, ORPCContext>, ... 4 more ..., Record<...>>; login: Procedure<...>; logout: Procedure<...>; me: Procedure<...>; google: Procedure<...>; }' is not assignable to type '{ [k: string]: NestedClient<any>; }'.
          Property 'register' is incompatible with index signature.
            Type 'Procedure<MergedInitialContext<ORPCContext & Record<never, never>, ORPCContext & Record<never, never> & Omit<ORPCContext & Record<never, never>, keyof ORPCContext>, ORPCContext>, ... 4 more ..., Record<...>>' is not assignable to type 'NestedClient<any>'.
              Type 'Procedure<MergedInitialContext<ORPCContext & Record<never, never>, ORPCContext & Record<never, never> & Omit<ORPCContext & Record<never, never>, keyof ORPCContext>, ORPCContext>, ... 4 more ..., Record<...>>' is not assignable to type '{ [k: string]: NestedClient<any>; }'.
                Index signature for type 'string' is missing in type 'Procedure<MergedInitialContext<ORPCContext & Record<never, never>, ORPCContext & Record<never, never> & Omit<ORPCContext & Record<never, never>, keyof ORPCContext>, ORPCContext>, ... 4 more ..., Record<...>>'.
src/orpc.ts(9,13): error TS7006: Parameter 'url' implicitly has an 'any' type.
src/orpc.ts(9,18): error TS7006: Parameter 'options' implicitly has an 'any' type.
